// Jest Snapshot v1, https://goo.gl/fbAQLP

exports[`<PanelContainer /> should render empty without props 1`] = `
ShallowWrapper {
  "complexSelector": ComplexSelector {
    "buildPredicate": [Function],
    "childrenOfNode": [Function],
    "findWhereUnwrapped": [Function],
  },
  "length": 1,
  "node": null,
  "nodes": Array [
    null,
  ],
  "options": Object {},
  "renderer": ReactShallowRenderer {
    "_instance": ShallowComponentWrapper {
      "_calledComponentWillUnmount": false,
      "_compositeType": 0,
      "_context": Object {},
      "_currentElement": <PanelContainer
        api={
                Object {
                        "getQueryParam": [Function],
                        "setQueryParams": [Function],
                      }
        }
        channel={
                Object {
                        "emit": [Function],
                        "on": [Function],
                        "removeListener": [Function],
                      }
        }
/>,
      "_debugID": 1,
      "_hostContainerInfo": null,
      "_hostParent": null,
      "_instance": PanelContainer {
        "_reactInternalInstance": [Circular],
        "context": Object {},
        "onChangeTheme": [Function],
        "onInitChannel": [Function],
        "props": Object {
          "api": Object {
            "getQueryParam": [Function],
            "setQueryParams": [Function],
          },
          "channel": Object {
            "emit": [Function],
            "on": [Function],
            "removeListener": [Function],
          },
        },
        "refs": Object {},
        "state": Object {
          "isReady": false,
          "themes": Object {},
        },
        "updater": Object {
          "enqueueCallback": [Function],
          "enqueueCallbackInternal": [Function],
          "enqueueElementInternal": [Function],
          "enqueueForceUpdate": [Function],
          "enqueueReplaceState": [Function],
          "enqueueSetState": [Function],
          "isMounted": [Function],
          "validateCallback": [Function],
        },
      },
      "_mountOrder": 1,
      "_pendingCallbacks": null,
      "_pendingElement": null,
      "_pendingForceUpdate": false,
      "_pendingReplaceState": false,
      "_pendingStateQueue": null,
      "_renderedComponent": NoopInternalComponent {
        "_currentElement": null,
        "_debugID": 2,
        "_renderedOutput": null,
      },
      "_renderedNodeType": 2,
      "_rootNodeID": 0,
      "_topLevelWrapper": null,
      "_updateBatchNumber": null,
      "_warnedAboutRefsInRender": false,
    },
    "getRenderOutput": [Function],
    "render": [Function],
  },
  "root": [Circular],
  "unrendered": <PanelContainer
    api={
        Object {
            "getQueryParam": [Function],
            "setQueryParams": [Function],
          }
    }
    channel={
        Object {
            "emit": [Function],
            "on": [Function],
            "removeListener": [Function],
          }
    }
/>,
}
`;
